// Jest Snapshot v1, https://goo.gl/fbAQLP

exports[`Render ExpenseListItem 1`] = `
<div>
  <h6>
    Food
  </h6>
  <p>
    $0.20
    |
    Dec 31 1969
  </p>
  <Link
    replace={false}
    to="/edit/1"
  >
    Edit Expense
  </Link>
</div>
`;
